[demo.themefisher.com/thomson/index.html]
[backblue.gif]
[fade.gif]
[index.html]
[demo.themefisher.com/thomson/plugins/bootstrap/bootstrap.min.css]
[demo.themefisher.com/thomson/plugins/themify/css/themify-icons.css]
[demo.themefisher.com/thomson/plugins/counto/animate.css]
[demo.themefisher.com/thomson/plugins/aos/aos.css]
[demo.themefisher.com/thomson/plugins/owl-carousel/owl.carousel.min.css]
[demo.themefisher.com/thomson/plugins/owl-carousel/owl.theme.default.min.css]
[demo.themefisher.com/thomson/plugins/magnific-popup/magnific-popup.css]
[demo.themefisher.com/thomson/plugins/animated-text/animated-text.css]
[demo.themefisher.com/thomson/css/style.css]
[demo.themefisher.com/thomson/images/logo.png]
[demo.themefisher.com/thomson/about.html]
[demo.themefisher.com/thomson/about-us.html]
[demo.themefisher.com/thomson/portfolio-1.html]
[demo.themefisher.com/thomson/portfolio-2.html]
[demo.themefisher.com/thomson/portfolio-3.html]
[demo.themefisher.com/thomson/portfolio-single.html]
[demo.themefisher.com/thomson/blog-grid.html]
[demo.themefisher.com/thomson/blog-sidebar.html]
[demo.themefisher.com/thomson/blog-single.html]
[demo.themefisher.com/thomson/contact.html]
[demo.themefisher.com/thomson/images/portfolio/1.jpg]
[demo.themefisher.com/thomson/images/portfolio/4.jpg]
[demo.themefisher.com/thomson/images/portfolio/3.jpg]
[demo.themefisher.com/thomson/images/portfolio/5.jpg]
[demo.themefisher.com/thomson/images/portfolio/6.jpg]
[demo.themefisher.com/thomson/images/portfolio/7.jpg]
[demo.themefisher.com/thomson/themefisher.html]
[demo.themefisher.com/thomson/plugins/jQuery/jquery.min.js]
[demo.themefisher.com/thomson/plugins/bootstrap/bootstrap.min.js]
[demo.themefisher.com/thomson/plugins/aos/aos.js]
[demo.themefisher.com/thomson/plugins/owl-carousel/owl.carousel.min.js]
[demo.themefisher.com/thomson/plugins/shuffle/shuffle.min.js]
[demo.themefisher.com/thomson/plugins/magnific-popup/jquery.magnific-popup.min.js]
[demo.themefisher.com/thomson/plugins/animated-text/animated-text.js]
[demo.themefisher.com/thomson/plugins/counto/apear.js]
[demo.themefisher.com/thomson/plugins/counto/counTo.js]
[demo.themefisher.com/thomson/plugins/google-map/map.js]
[demo.themefisher.com/thomson/index.html]
[demo.themefisher.com/thomson/plugins/bootstrap/bootstrap.min.css]
[demo.themefisher.com/thomson/js/script.js]
[demo.themefisher.com/thomson/plugins/themify/fonts/themifyd41d.eot]
[demo.themefisher.com/thomson/plugins/themify/fonts/themify.eot]
[demo.themefisher.com/thomson/plugins/themify/fonts/themify.woff]
[demo.themefisher.com/thomson/plugins/themify/fonts/themify.ttf]
[demo.themefisher.com/thomson/plugins/themify/css/themify-icons.css]
[demo.themefisher.com/thomson/plugins/counto/animate.css]
[demo.themefisher.com/thomson/plugins/aos/aos.css]
[demo.themefisher.com/thomson/plugins/owl-carousel/owl.video.play.png]
[demo.themefisher.com/thomson/plugins/owl-carousel/owl.carousel.min.css]
[demo.themefisher.com/thomson/plugins/owl-carousel/owl.theme.default.min.css]
[demo.themefisher.com/thomson/plugins/magnific-popup/magnific-popup.css]
[demo.themefisher.com/thomson/plugins/animated-text/animated-text.css]
[demo.themefisher.com/thomson/css/style.css]
[demo.themefisher.com/thomson/images/about-img.jpg]
[demo.themefisher.com/thomson/about.html]
[demo.themefisher.com/thomson/images/signature.png]
[demo.themefisher.com/thomson/about-us.html]
[demo.themefisher.com/thomson/images/home-2.jpg]
[demo.themefisher.com/thomson/images/portfolio/bag.jpg]
[demo.themefisher.com/thomson/plugins/themify/fonts/themify.svg]
[demo.themefisher.com/thomson/images/portfolio/m-3.jpg]
[demo.themefisher.com/thomson/portfolio-1.html]
[demo.themefisher.com/thomson/portfolio-2.html]
[demo.themefisher.com/thomson/portfolio-3.html]
[demo.themefisher.com/thomson/images/portfolio/bottle.jpg]
[demo.themefisher.com/thomson/images/portfolio/9.jpg]
[demo.themefisher.com/thomson/portfolio-single4.html]
[demo.themefisher.com/thomson/portfolio-single.html]
[demo.themefisher.com/thomson/portfolio-single2.html]
[demo.themefisher.com/thomson/images/blog/minimal-1.jpg]
[demo.themefisher.com/thomson/images/blog/minimal-2.jpg]
[demo.themefisher.com/thomson/images/blog/minimal-3.jpg]
[demo.themefisher.com/thomson/blog-grid.html]
[demo.themefisher.com/thomson/images/blog/minimal-4.jpg]
[demo.themefisher.com/thomson/images/blog/s-1.jpg]
[demo.themefisher.com/thomson/blog-sidebar.html]
[demo.themefisher.com/thomson/images/blog/s-2.jpg]
[demo.themefisher.com/thomson/images/blog/01.jpg]
[demo.themefisher.com/thomson/images/blog/author1.jpg]
[demo.themefisher.com/thomson/blog-single.html]
[demo.themefisher.com/thomson/contact.html]
[demo.themefisher.com/thomson/themefisher.html]
[demo.themefisher.com/thomson/plugins/themify/fonts/themify.svg]
[demo.themefisher.com/thomson/plugins/owl-carousel/owl.video.play.html]
[demo.themefisher.com/thomson/images/blog/author2.jpg]
[demo.themefisher.com/thomson/images/portfolio/02.jpg]
[demo.themefisher.com/thomson/portfolio-single4.html]
[demo.themefisher.com/thomson/portfolio-single2.html]
[demo.themefisher.com/thomson/portfolio-single3.html]
[demo.themefisher.com/thomson/portfolio-single3.html]
